
> youtube-downloader-frontend@0.1.0 build
> next build --turbopack

   ▲ Next.js 15.5.1 (Turbopack)
   - Environments: .env.local, .env.production

   Creating an optimized production build ...
 ✓ Finished writing to disk in 98ms
 ✓ Compiled successfully in 5.1s
   Linting and checking validity of types ...
